// Jest Snapshot v1, https://goo.gl/fbAQLP

exports[`matches snapshot 1`] = `
<DocumentFragment>
  <div>
    <form
      class="form-group"
    >
      <input
        class="form-control"
        name="searchTerm"
        placeholder="Enter search term..."
        value=""
      />
      <button
        class="btn btn-secondary mt-2"
        type="submit"
      >
        Submit
      </button>
    </form>
  </div>
</DocumentFragment>
`;
